// Jest Snapshot v1, https://goo.gl/fbAQLP

exports[`udm 1`] = `"3"`;
